[
  {
    "site_slug": "charleston",
    "venue_name": "The Music Farm",
    "title": "The Black Keys - Let's Rock Tour",
    "artist_name": "The Black Keys",
    "starts_at_utc": "2025-01-15T20:00:00+00:00",
    "ends_at_utc": "2025-01-15T22:00:00+00:00",
    "tz_name": "America/New_York",
    "doors_time_utc": null,
    "price_min": 45.0,
    "price_max": 75.0,
    "currency": "USD",
    "ticket_url": "https://tickets.musicfarm.com/black-keys-2025",
    "age_restriction": "All Ages",
    "is_cancelled": false,
    "source_url": "https://example.com/music-farm/events",
    "external_id": "12345",
    "raw_data": {
      "title": "The Black Keys - Let's Rock Tour",
      "artist_name": "The Black Keys",
      "date_text": "Friday, January 15, 2025 at 8:00 PM",
      "price_text": "$45.00 - $75.00",
      "age_text": "All Ages",
      "element_html": "<div class=\"event-item\" data-event-id=\"12345\">\n                <div class=\"event-header\">\n                    <h3 class=\"event-title\">The Black Keys - Let's Rock Tour</h3>\n                    <div class=\"artist\">The Black Keys</div>\n                </div>\n                \n                <div class=\"event-details\">\n                    <div class=\"date\">Friday, January 15, 2025 at 8:00 PM</div>\n                    <div class=\"time\">Doors: 7:00 PM</div>\n                    <div class=\"price\">$45.00 - $75.00</div>\n                    <div class=\"age-restriction\">All Ages</div>\n                </div>\n                \n                <div class=\"event-actions\">\n                    <a href=\"/events/12345\" class=\"event-link\">Event Details</a>\n                    <a href=\"https://tickets.musicfarm.com/black-keys-2025\" class=\"ticket-link buy-tickets\">Buy Tickets</a>\n                </div>\n            </div>"
    }
  },
  {
    "site_slug": "charleston",
    "venue_name": "The Music Farm",
    "title": "Local Band Night",
    "artist_name": "Various Local Artists",
    "starts_at_utc": "2025-01-16T21:00:00+00:00",
    "ends_at_utc": "2025-01-16T23:00:00+00:00",
    "tz_name": "America/New_York",
    "doors_time_utc": null,
    "price_min": 15.0,
    "price_max": 15.0,
    "currency": "USD",
    "ticket_url": "https://tickets.musicfarm.com/local-band-night",
    "age_restriction": "21+",
    "is_cancelled": false,
    "source_url": "https://example.com/music-farm/events",
    "external_id": "12346",
    "raw_data": {
      "title": "Local Band Night",
      "artist_name": "Various Local Artists",
      "date_text": "Saturday, January 16, 2025 at 9:00 PM",
      "price_text": "$15.00",
      "age_text": "21+",
      "element_html": "<div class=\"event-item\" data-event-id=\"12346\">\n                <div class=\"event-header\">\n                    <h3 class=\"event-title\">Local Band Night</h3>\n                    <div class=\"artist\">Various Local Artists</div>\n                </div>\n                \n                <div class=\"event-details\">\n                    <div class=\"date\">Saturday, January 16, 2025 at 9:00 PM</div>\n                    <div class=\"time\">Doors: 8:00 PM</div>\n                    <div class=\"price\">$15.00</div>\n                    <div class=\"age-restriction\">21+</div>\n                </div>\n                \n                <div class=\"event-actions\">\n                    <a href=\"/events/12346\" class=\"event-link\">Event Details</a>\n                    <a href=\"https://tickets.musicfarm.com/local-band-night\" class=\"ticket-link buy-tickets\">Buy Tickets</a>\n                </div>\n            </div>"
    }
  },
  {
    "site_slug": "charleston",
    "venue_name": "The Music Farm",
    "title": "Jazz Night with The Charleston Jazz Collective",
    "artist_name": "The Charleston Jazz Collective",
    "starts_at_utc": "2025-01-17T19:00:00+00:00",
    "ends_at_utc": "2025-01-17T21:00:00+00:00",
    "tz_name": "America/New_York",
    "doors_time_utc": null,
    "price_min": 25.0,
    "price_max": 25.0,
    "currency": "USD",
    "ticket_url": "https://tickets.musicfarm.com/jazz-collective",
    "age_restriction": "All Ages",
    "is_cancelled": false,
    "source_url": "https://example.com/music-farm/events",
    "external_id": "12347",
    "raw_data": {
      "title": "Jazz Night with The Charleston Jazz Collective",
      "artist_name": "The Charleston Jazz Collective",
      "date_text": "Sunday, January 17, 2025 at 7:00 PM",
      "price_text": "$25.00",
      "age_text": "All Ages",
      "element_html": "<div class=\"event-item\" data-event-id=\"12347\">\n                <div class=\"event-header\">\n                    <h3 class=\"event-title\">Jazz Night with The Charleston Jazz Collective</h3>\n                    <div class=\"artist\">The Charleston Jazz Collective</div>\n                </div>\n                \n                <div class=\"event-details\">\n                    <div class=\"date\">Sunday, January 17, 2025 at 7:00 PM</div>\n                    <div class=\"time\">Doors: 6:00 PM</div>\n                    <div class=\"price\">$25.00</div>\n                    <div class=\"age-restriction\">All Ages</div>\n                </div>\n                \n                <div class=\"event-actions\">\n                    <a href=\"/events/12347\" class=\"event-link\">Event Details</a>\n                    <a href=\"https://tickets.musicfarm.com/jazz-collective\" class=\"ticket-link buy-tickets\">Buy Tickets</a>\n                </div>\n            </div>"
    }
  },
  {
    "site_slug": "charleston",
    "venue_name": "The Music Farm",
    "title": "Acoustic Open Mic Night",
    "artist_name": "Open to All",
    "starts_at_utc": "2025-01-20T20:00:00+00:00",
    "ends_at_utc": "2025-01-20T22:00:00+00:00",
    "tz_name": "America/New_York",
    "doors_time_utc": null,
    "price_min": 5.0,
    "price_max": 5.0,
    "currency": "USD",
    "ticket_url": "https://tickets.musicfarm.com/open-mic",
    "age_restriction": "18+",
    "is_cancelled": false,
    "source_url": "https://example.com/music-farm/events",
    "external_id": "12348",
    "raw_data": {
      "title": "Acoustic Open Mic Night",
      "artist_name": "Open to All",
      "date_text": "Wednesday, January 20, 2025 at 8:00 PM",
      "price_text": "$5.00",
      "age_text": "18+",
      "element_html": "<div class=\"event-item\" data-event-id=\"12348\">\n                <div class=\"event-title\">Acoustic Open Mic Night</h3>\n                    <div class=\"artist\">Open to All</div>\n                </div>\n                \n                <div class=\"event-details\">\n                    <div class=\"date\">Wednesday, January 20, 2025 at 8:00 PM</div>\n                    <div class=\"time\">Doors: 7:30 PM</div>\n                    <div class=\"price\">$5.00</div>\n                    <div class=\"age-restriction\">18+</div>\n                </div>\n                \n                <div class=\"event-actions\">\n                    <a href=\"/events/12348\" class=\"event-link\">Event Details</a>\n                    <a href=\"https://tickets.musicfarm.com/open-mic\" class=\"ticket-link buy-tickets\">Buy Tickets</a>\n                </div>\n            </div>"
    }
  }
]
